------------------------------------------------------------
Timing Analyzer Summary
------------------------------------------------------------

Type  : Slow 1200mV 85C Model Setup 'CK3'
Slack : -0.823
TNS   : -18.103

Type  : Slow 1200mV 85C Model Setup 'CK4'
Slack : -0.638
TNS   : -6.199

Type  : Slow 1200mV 85C Model Setup 'HOLD-CK2'
Slack : -0.240
TNS   : -4.441

Type  : Slow 1200mV 85C Model Hold 'CK3'
Slack : 0.673
TNS   : 0.000

Type  : Slow 1200mV 85C Model Hold 'HOLD-CK2'
Slack : 0.685
TNS   : 0.000

Type  : Slow 1200mV 85C Model Hold 'CK4'
Slack : 0.691
TNS   : 0.000

Type  : Slow 1200mV 85C Model Minimum Pulse Width 'HOLD-CK2'
Slack : -3.000
TNS   : -79.000

Type  : Slow 1200mV 85C Model Minimum Pulse Width 'CK3'
Slack : -3.000
TNS   : -47.000

Type  : Slow 1200mV 85C Model Minimum Pulse Width 'CK4'
Slack : -3.000
TNS   : -19.000

Type  : Slow 1200mV 0C Model Setup 'CK3'
Slack : -0.673
TNS   : -13.564

Type  : Slow 1200mV 0C Model Setup 'CK4'
Slack : -0.501
TNS   : -4.605

Type  : Slow 1200mV 0C Model Setup 'HOLD-CK2'
Slack : -0.164
TNS   : -2.064

Type  : Slow 1200mV 0C Model Hold 'CK3'
Slack : 0.653
TNS   : 0.000

Type  : Slow 1200mV 0C Model Hold 'HOLD-CK2'
Slack : 0.678
TNS   : 0.000

Type  : Slow 1200mV 0C Model Hold 'CK4'
Slack : 0.683
TNS   : 0.000

Type  : Slow 1200mV 0C Model Minimum Pulse Width 'HOLD-CK2'
Slack : -3.000
TNS   : -79.000

Type  : Slow 1200mV 0C Model Minimum Pulse Width 'CK3'
Slack : -3.000
TNS   : -47.000

Type  : Slow 1200mV 0C Model Minimum Pulse Width 'CK4'
Slack : -3.000
TNS   : -19.000

Type  : Fast 1200mV 0C Model Setup 'CK3'
Slack : -0.551
TNS   : -6.357

Type  : Fast 1200mV 0C Model Setup 'CK4'
Slack : -0.453
TNS   : -3.580

Type  : Fast 1200mV 0C Model Setup 'HOLD-CK2'
Slack : 0.378
TNS   : 0.000

Type  : Fast 1200mV 0C Model Hold 'CK3'
Slack : 0.280
TNS   : 0.000

Type  : Fast 1200mV 0C Model Hold 'HOLD-CK2'
Slack : 0.280
TNS   : 0.000

Type  : Fast 1200mV 0C Model Hold 'CK4'
Slack : 0.283
TNS   : 0.000

Type  : Fast 1200mV 0C Model Minimum Pulse Width 'HOLD-CK2'
Slack : -3.000
TNS   : -84.993

Type  : Fast 1200mV 0C Model Minimum Pulse Width 'CK3'
Slack : -3.000
TNS   : -50.670

Type  : Fast 1200mV 0C Model Minimum Pulse Width 'CK4'
Slack : -3.000
TNS   : -20.248

------------------------------------------------------------
